exports[`app renders 1`] = `
<h1>
  Hello!
</h1>
`;
